// Jest Snapshot v1, https://goo.gl/fbAQLP

exports[`<LayoutFetch /> should render the layout container 1`] = `
<LayoutContainer
  authorInfo={
    Object {
      "description": "Dmitri Pavlutin is a software developer specialized in Frontend technologies",
      "email": "mail@mail.com",
      "name": "Dmitri Pavlutin",
      "nicknames": Object {
        "twitter": "panzerdp",
      },
      "profiles": Object {
        "facebook": "https://www.facebook.com/dmitri.pavlutin",
        "github": "https://github.com/panzerdp",
        "linkedin": "https://www.linkedin.com/in/dmitri-pavlutin/",
        "stackoverflow": "https://stackoverflow.com/users/1894471/dmitri-pavlutin",
        "twitter": "https://twitter.com/panzerdp",
      },
    }
  }
  authorProfilePicture={
    Object {
      "base64": "base64-encoded-string",
      "height": 100,
      "src": "http://images.com/image",
      "srcSet": "some srcset values",
      "srcSetWebp": "src-set-webp",
      "srcWebp": "src-webp",
      "width": 100,
    }
  }
  siteInfo={
    Object {
      "description": "Posts by Dmitri Pavlutin about software development",
      "repositoryUrl": "https://github.com/panzerdp/dmitripavlutin.com",
      "title": "Dmitri Pavlutin blog",
      "url": "https://dmitripavlutin.com",
    }
  }
>
  Child
</LayoutContainer>
`;
