// Jest Snapshot v1, https://goo.gl/fbAQLP

exports[`<PostFetch /> should render post template 1`] = `
<PostTemplate
  authorInfo={
    Object {
      "description": "Dmitri Pavlutin is a software developer specialized in Frontend technologies",
      "name": "Dmitri Pavlutin",
      "nicknames": Object {
        "twitter": "panzerdp",
      },
      "profiles": Object {
        "facebook": "https://www.facebook.com/dmitri.pavlutin",
        "github": "https://github.com/panzerdp",
        "linkedin": "https://www.linkedin.com/in/dmitri-pavlutin/",
        "stackoverflow": "https://stackoverflow.com/users/1894471/dmitri-pavlutin",
        "twitter": "https://twitter.com/panzerdp",
      },
    }
  }
  authorProfilePictureSrc="/image.png"
  post={
    Object {
      "description": "Useful techniques to facilitate React server-side rendering.",
      "html": "<div>JavaScript is a programming language</div>",
      "modified": "2019-01-01",
      "published": "2018-03-17",
      "recommended": Array [
        "javascript-language",
      ],
      "slug": "useful-techniques-react-server-side-rendering",
      "tags": Array [
        "react",
        "server side rendering",
      ],
      "thumbnail": Object {
        "aspectRatio": 2,
        "base64": "base64",
        "sizes": "some sizes",
        "src": "source",
        "srcSet": "src-set",
      },
      "title": "Useful techniques to facilitate React server-side rendering",
    }
  }
  postRepositoryFileUrl="https://github.com/panzerdp/dmitripavlutin.com/tree/master//home/user/my-post.md"
  recommendedPosts={
    Array [
      Object {
        "description": "Useful techniques to facilitate React server-side rendering.",
        "published": "2018-03-17",
        "slug": "useful-techniques-react-server-side-rendering",
        "tags": Array [
          "react",
          "server side rendering",
        ],
        "thumbnail": Object {
          "aspectRatio": 2,
          "base64": "base64",
          "sizes": "some sizes",
          "src": "source",
          "srcSet": "src-set",
        },
        "title": "Useful techniques to facilitate React server-side rendering",
      },
    ]
  }
  siteInfo={
    Object {
      "description": "Posts by Dmitri Pavlutin about software development",
      "repositoryUrl": "https://github.com/panzerdp/dmitripavlutin.com",
      "title": "Dmitri Pavlutin blog",
      "url": "https://dmitripavlutin.com",
    }
  }
/>
`;
